C51 COMPILER V9.60.0.0   MAIN                                                              11/25/2019 21:52:55 PAGE 1   


C51 COMPILER V9.60.0.0, COMPILATION OF MODULE MAIN
OBJECT MODULE PLACED IN .\Objects\main.obj
COMPILER INVOKED BY: G:\danpj\C51\BIN\C51.EXE code(78b)\main.c OPTIMIZE(8,SPEED) BROWSE DEBUG OBJECTEXTEND PRINT(.\Listi
                    -ngs\main.lst) TABS(2) OBJECT(.\Objects\main.obj)

line level    source

   1          #define __main_c
   2          #include "includeAll.h"
   3          //=============================================================================
   4          void main() {
   5   1        SysInit();
   6   1        VarsInit();
   7   1        while (1) {
   8   2          F_turnOnWDT();
   9   2          // user coding
  10   2          F_ledOff();
*** WARNING C206 IN LINE 10 OF code(78b)\main.c: 'F_ledOff': missing function-prototype
  11   2          delayMs(500);
  12   2          F_ledOn();
*** WARNING C206 IN LINE 12 OF code(78b)\main.c: 'F_ledOn': missing function-prototype
  13   2          delayMs(500);
  14   2        }
  15   1      }
  16          //=============================================================================
  17          void delayMs(uint16_t msCount) {
  18   1        uint16_t i, j;
  19   1        for (i = 0; i < msCount; i++) {
  20   2          for (j = 0; j < 1000; j++) {
  21   3            /* code */
  22   3          }
  23   2        }
  24   1      }


MODULE INFORMATION:   STATIC OVERLAYABLE
   CODE SIZE        =     68    ----
   CONSTANT SIZE    =   ----    ----
   XDATA SIZE       =   ----    ----
   PDATA SIZE       =   ----    ----
   DATA SIZE        =   ----    ----
   IDATA SIZE       =   ----    ----
   BIT SIZE         =   ----    ----
END OF MODULE INFORMATION.


C51 COMPILATION COMPLETE.  2 WARNING(S),  0 ERROR(S)
