C51 COMPILER V9.60.0.0   KEYS                                                              11/29/2019 17:52:59 PAGE 1   


C51 COMPILER V9.60.0.0, COMPILATION OF MODULE KEYS
OBJECT MODULE PLACED IN .\Objects\keys.obj
COMPILER INVOKED BY: G:\danpj\C51\BIN\C51.EXE keys.c OMF2 OPTIMIZE(8,SPEED) BROWSE DEBUG PRINT(.\Listings\keys.lst) TABS
                    -(2) OBJECT(.\Objects\keys.obj)

line level    source

   1          #define __keys_c
   2          #include "includeAll.h"
   3          //=============================================================================
   4          void GetKeys() {
   5   1        static uint8_t tmpKeyValue = D_keyNull;
   6   1      
   7   1        if (P_key1 == 0) {
   8   2          tmpKeyValue = D_keyValue1;
   9   2        } else {
  10   2          keyValue = tmpKeyValue;
  11   2          tmpKeyValue = D_keyNull;
  12   2        }
  13   1      }


MODULE INFORMATION:   STATIC OVERLAYABLE
   CODE SIZE        =     14    ----
   CONSTANT SIZE    =   ----    ----
   XDATA SIZE       =   ----    ----
   PDATA SIZE       =   ----    ----
   DATA SIZE        =      2    ----
   IDATA SIZE       =   ----    ----
   BIT SIZE         =   ----    ----
   EDATA SIZE       =   ----    ----
   HDATA SIZE       =   ----    ----
   XDATA CONST SIZE =   ----    ----
   FAR CONST SIZE   =   ----    ----
END OF MODULE INFORMATION.


C51 COMPILATION COMPLETE.  0 WARNING(S),  0 ERROR(S)
