C51 COMPILER V9.60.0.0   INIT                                                              01/06/2020 08:51:04 PAGE 1   


C51 COMPILER V9.60.0.0, COMPILATION OF MODULE INIT
OBJECT MODULE PLACED IN .\Objects\init.obj
COMPILER INVOKED BY: G:\danpj\C51\BIN\C51.EXE init.c OPTIMIZE(8,SPEED) BROWSE DEBUG OBJECTEXTEND PRINT(.\Listings\init.l
                    -st) TABS(2) OBJECT(.\Objects\init.obj)

line level    source

   1          #define __init_c
   2          #include "includeAll.h"
   3          //=============================================================================
   4          void SysInit() {
   5   1        F_clearWDT();
   6   1        //
   7   1        CLKCON = 0x03; // Clock div 1  7.3728Mhz
   8   1        STPPCK = 0;
   9   1        STPFCK = 0;
  10   1        _nop_();
  11   1        _nop_();
  12   1        _nop_();
  13   1        _nop_();
  14   1        _nop_();
  15   1        SELFCK = 1;
  16   1        _nop_();
  17   1        _nop_();
  18   1        _nop_();
  19   1        _nop_();
  20   1        _nop_();
  21   1        _nop_();
  22   1        _nop_();
  23   1        _nop_();
  24   1        _nop_();
  25   1        _nop_();
  26   1        // IO 口初始化
  27   1        P1MODL = 0xaa;    //将模式设置为推挽输出
  28   1        P1MODH = 0xaa;
  29   1        //P1MODL = 0xa8;    //上拉输入
  30   1      
  31   1        
  32   1        smg_init();
  33   1        KeyInit();
  34   1        led_init();
  35   1        // T2 ???  7.3728Mhz/2 = 3686400Hz
  36   1        //  3686400Hz/3686.4 = 1000Hz = 1ms timer2 
  37   1        TH2 = (65536 - 922) / 256;
  38   1        RCP2H = TH2;
  39   1        TL2 = (65536 - 922) % 256;
  40   1        RCP2L = TL2;
  41   1        TR2 = 1;
  42   1        ET2 = 1;
  43   1        EA = 1; 
  44   1      }
  45          //=============================================================================
  46          void VarsInit() {}
  47          
  48          /*数码管初始化，将a~dg设为推挽输出*/
  49          void smg_init(){
  50   1        /*a 1.4 || d 1.7 */
  51   1        P1MODH &= 0x3c;
  52   1        P1MODH |= 0x82;
  53   1        /*b 3.4 || c 3.5 || e 3.6*/
  54   1        P3MODH &= 0x00;
C51 COMPILER V9.60.0.0   INIT                                                              01/06/2020 08:51:04 PAGE 2   

  55   1        P3MODH |= 0x2a;
  56   1        /*f 1.2||dg 1.3 */
  57   1        P1MODL &= 0x0f;
  58   1        P1MODL |= 0xa0;
  59   1        /*g 3.2*/
  60   1        P3MODL &= 0xcf;
  61   1        P3MODL |= 0x20;
  62   1      }
  63          
  64          void led_init(){
  65   1        P1MODL &= P12MOD_Mask;
  66   1        P1MODL |= P12MOD_2;
  67   1      
  68   1        P1MODH &= P14MOD_Mask;
  69   1        P1MODH |= P14MOD_2;
  70   1      }
  71          void KeyInit()
  72          {
  73   1        /* key 1 */
  74   1        P3MODH &= P34MOD_Mask;
  75   1      
  76   1        /* key 2 */
  77   1        P3MODL &= P32MOD_Mask;
  78   1      
  79   1        /* key 3 */
  80   1        P1MODH &= P17MOD_Mask;
  81   1      
  82   1        /* key 4 */
  83   1        P1MODL &= P12MOD_Mask;
  84   1      }


MODULE INFORMATION:   STATIC OVERLAYABLE
   CODE SIZE        =    112    ----
   CONSTANT SIZE    =   ----    ----
   XDATA SIZE       =   ----    ----
   PDATA SIZE       =   ----    ----
   DATA SIZE        =   ----    ----
   IDATA SIZE       =   ----    ----
   BIT SIZE         =   ----    ----
END OF MODULE INFORMATION.


C51 COMPILATION COMPLETE.  0 WARNING(S),  0 ERROR(S)
