C51 COMPILER V9.60.0.0   ISR                                                               01/03/2020 18:47:55 PAGE 1   


C51 COMPILER V9.60.0.0, COMPILATION OF MODULE ISR
OBJECT MODULE PLACED IN .\Objects\isr.obj
COMPILER INVOKED BY: G:\danpj\C51\BIN\C51.EXE isr.c OPTIMIZE(8,SPEED) BROWSE DEBUG OBJECTEXTEND PRINT(.\Listings\isr.lst
                    -) TABS(2) OBJECT(.\Objects\isr.obj)

line level    source

   1          //=============================================================================
   2          // Name   :isr.c
   3          // Purpose  :Interrupt Service Routines
   4          //=============================================================================
   5          #define __isr_c
   6          
   7          #include "includeAll.h"
   8          //=============================================================================
   9          // Function:  void INT0_int(void)
  10          // Purpose: INT0 pin interrupt vector
  11          // Input: none
  12          // OutPut:  none
  13          // Author:
  14          //=============================================================================
  15          void INT0_int(void) interrupt 0 {
  16   1        IE0 = 0; // clear interrupt flag
  17   1      }
  18          //=============================================================================
  19          // Function:  void TIMER0_int(void)
  20          // Purpose: TIMER0 interrupt vector
  21          // Input: none
  22          // OutPut:  none
  23          // Author:
  24          //=============================================================================
  25          void TIMER0_int(void) interrupt 1 {
  26   1        TF0 = 0; // clear interrupt flag
  27   1        //------------
  28   1      }
  29          //=============================================================================
  30          // Function:  void INT1_int(void)
  31          // Purpose: INT1 pin interrupt vector
  32          // Input: none
  33          // OutPut:  none
  34          // Author:
  35          //=============================================================================
  36          void INT1_int(void) interrupt 2 {
  37   1        IE1 = 0; // clear interrupt flag
  38   1      }
  39          //=============================================================================
  40          // Function:  void TIMER1_int(void)
  41          // Purpose: TIMER1 interrupt vector
  42          // Input: none
  43          // OutPut:  none
  44          // Author:
  45          //=============================================================================
  46          void TIMER1_int(void) interrupt 3 {
  47   1        TF1 = 0; // clear interrupt flag
  48   1      }
  49          //=============================================================================
  50          // Function:  void UART_int(void)
  51          // Purpose: UART interrupt vector
  52          // Input: none
  53          // OutPut:  none
  54          // Author:
C51 COMPILER V9.60.0.0   ISR                                                               01/03/2020 18:47:55 PAGE 2   

  55          //=============================================================================
  56          void UART_int(void) interrupt 4 {
  57   1        TI = 0; // clear interrupt flag
  58   1        RI = 0; // clear interrupt flag
  59   1      }
  60          //=============================================================================
  61          // Function:  void TIMER2_int(void)
  62          // Purpose: TIMER2 interrupt vector
  63          // Input: none
  64          // OutPut:  none
  65          // Author:
  66          //=============================================================================
  67          void TIMER2_int(void) interrupt 5 {
  68   1        TF2 = 0; // clear interrupt flag
  69   1        b1ms = 1;
  70   1       
  71   1         F_buzz();   //P_buzz = ~P_buzz;
  72   1      
  73   1      }
  74          //=============================================================================
  75          // Function:  void TIMER3_int(void)
  76          // Purpose: TIMER3 interrupt vector
  77          // Input: none
  78          // OutPut:  none
  79          // Author:
  80          //=============================================================================
  81          void TIMER3_int(void) interrupt 7 { /*INTFLAG &= ~TF3; */}
  82          //=============================================================================
  83          // Function:  void P1_int(void)
  84          // Purpose: P1 pin interrupt vector
  85          // Input: none
  86          // OutPut:  none
  87          // Author:
  88          //=============================================================================
  89          void P1_int(void) interrupt 8 {/* INTFLAG &= ~P1IF; */}
  90          //=============================================================================
  91          // Function:  void INT2_int(void)
  92          // Purpose: INT2 pin interrupt vector
  93          // Input: none
  94          // OutPut:  none
  95          // Author:
  96          //=============================================================================
  97          void INT2_int(void) interrupt 9 { /*INTFLAG &= ~IE2; */}
  98          //=============================================================================
  99          // Function:  void ADC_TK_int(void)
 100          // Purpose: ADC&TOUCHKEY interrupt vector
 101          // Input: none
 102          // OutPut:  none
 103          // Author:
 104          //=============================================================================
 105          void ADC_TK_int(void) interrupt 10 {
 106   1       /* INTFLAG &= ~ADIF;
 107   1        INTFLAG &= ~TKIF;
 108   1        TKCON2 &= ~TKAUTO; */ // disable touch key auto scan
 109   1      }


MODULE INFORMATION:   STATIC OVERLAYABLE
   CODE SIZE        =     28    ----
   CONSTANT SIZE    =   ----    ----
   XDATA SIZE       =   ----    ----
   PDATA SIZE       =   ----    ----
C51 COMPILER V9.60.0.0   ISR                                                               01/03/2020 18:47:55 PAGE 3   

   DATA SIZE        =   ----    ----
   IDATA SIZE       =   ----    ----
   BIT SIZE         =      1    ----
END OF MODULE INFORMATION.


C51 COMPILATION COMPLETE.  0 WARNING(S),  0 ERROR(S)
