C51 COMPILER V9.60.0.0   SMG                                                               01/05/2020 14:58:48 PAGE 1   


C51 COMPILER V9.60.0.0, COMPILATION OF MODULE SMG
OBJECT MODULE PLACED IN .\Objects\smg.obj
COMPILER INVOKED BY: G:\danpj\C51\BIN\C51.EXE smg.c OPTIMIZE(8,SPEED) BROWSE DEBUG OBJECTEXTEND PRINT(.\Listings\smg.lst
                    -) TABS(2) OBJECT(.\Objects\smg.obj)

line level    source

   1          #define __SMG_C_
   2          #include "includeAll.h"
   3          
   4          
   5          
   6          char mask[]={0x1,0x2,0x4,0x8,0x10,0x20,0x40,0x80};//掩码，用来判断0~7位是否为1
   7          /*
   8          *数码管显示*
   9          *x:显示的字符（例如：0x3f->0;0x3f的D0~D7即a~g）
  10          *number:第几号管脚(1右2左)
  11          */
  12          void smg_display(char x,uint8_t number){
  13   1          if(number==1){
  14   2              SMG_COM1=0;
  15   2              SMG_COM2=1;
  16   2          }
  17   1          if(number==2){
  18   2              SMG_COM1=1;
  19   2              SMG_COM2=0;
  20   2          }
  21   1          /*a*/
  22   1          if (x&mask[0])
  23   1          {
  24   2              SMG_A=1;
  25   2          }else
  26   1          {
  27   2              SMG_A=0;
  28   2          }
  29   1          /*b*/
  30   1          if (x&mask[1])
  31   1          {
  32   2              SMG_B=1;
  33   2          }else
  34   1          {
  35   2              SMG_B=0;
  36   2          }
  37   1          /*c*/
  38   1          if (x&mask[2])
  39   1          {
  40   2              SMG_C=1;
  41   2          }else
  42   1          {
  43   2              SMG_C=0;
  44   2          }
  45   1          /*d*/
  46   1          if (x&mask[3])
  47   1          {
  48   2              SMG_D=1;
  49   2          }else
  50   1          {
  51   2              SMG_D=0;
  52   2          }
  53   1          /*e*/
  54   1          if (x&mask[4])
C51 COMPILER V9.60.0.0   SMG                                                               01/05/2020 14:58:48 PAGE 2   

  55   1          {
  56   2              SMG_E=1;
  57   2          }else
  58   1          {
  59   2              SMG_E=0;
  60   2          }
  61   1          /*f*/
  62   1          if (x&mask[5])
  63   1          {
  64   2              SMG_F=1;
  65   2          }else
  66   1          {
  67   2              SMG_F=0;
  68   2          }
  69   1          /*g*/
  70   1          if (x&mask[6])
  71   1          {
  72   2              SMG_G=1;
  73   2          }else
  74   1          {
  75   2              SMG_G=0;
  76   2          }
  77   1          SMG_DG=0;
  78   1      }
  79          /*
  80          *两个数码管亮*
  81          *左管显示x，右管显示y*
  82          */
  83          void smg_double(char x,char y){
  84   1          uint8_t a,b;
  85   1          for(a=0;a<1000;a++){
  86   2          for(b=0;b<100;b++){
  87   3              smg_display(x,2);
  88   3              delayMs(1);
  89   3              smg_display(y,1);
  90   3              delayMs(1);
  91   3          }
  92   2         // delayMs(10);
  93   2          GetKeys();
  94   2          if(keyValue2==D_keyValue1){
  95   3              break;
  96   3          }
  97   2          }
  98   1      
  99   1      }
 100          
 101          /*关闭数码管*/
 102          void smg_close(){
 103   1        SMG_COM1=1;
 104   1        SMG_COM2=1;
 105   1      }


MODULE INFORMATION:   STATIC OVERLAYABLE
   CODE SIZE        =    185    ----
   CONSTANT SIZE    =   ----    ----
   XDATA SIZE       =   ----    ----
   PDATA SIZE       =   ----    ----
   DATA SIZE        =      8       4
   IDATA SIZE       =   ----    ----
   BIT SIZE         =   ----    ----
END OF MODULE INFORMATION.

C51 COMPILER V9.60.0.0   SMG                                                               01/05/2020 14:58:48 PAGE 3   


C51 COMPILATION COMPLETE.  0 WARNING(S),  0 ERROR(S)
